Rak
 HP@DESKTOP-EAG2FD3 MINGW64 ~/Desktop (master)
$ git config --global user.name "sadriddin"

HP@DESKTOP-EAG2FD3 MINGW64 ~/Desktop (master)
$ $ git config --global user.email "mr.pss2oo5@gmail.com"
bash: $: command not found

HP@DESKTOP-EAG2FD3 MINGW64 ~/Desktop (master)
$ git config --list
diff.astextplain.textconv=astextplain
filter.lfs.clean=git-lfs clean -- %f
filter.lfs.smudge=git-lfs smudge -- %f
filter.lfs.process=git-lfs filter-process
filter.lfs.required=true
http.sslbackend=openssl
http.sslcainfo=C:/Program Files/Git/mingw64/etc/ssl/certs/ca-bundle.crt
core.autocrlf=true
core.fscache=true
core.symlinks=false
pull.rebase=false
credential.helper=manager
credential.https://dev.azure.com.usehttppath=true
init.defaultbranch=master
user.name=sadriddin
user.email=sadriddinpolvonov01@gmail.com
core.repositoryformatversion=0
core.filemode=false
core.bare=false
core.logallrefupdates=true
core.symlinks=false
core.ignorecase=true
remote.orign.url=https
remote.orign.fetch=+refs/heads/*:refs/remotes/orign/*
gui.wmstate=normal
gui.geometry=893x435+156+156 175 196

HP@DESKTOP-EAG2FD3 MINGW64 ~/Desktop (master)
$ git config user.name
sadriddin

HP@DESKTOP-EAG2FD3 MINGW64 ~/Desktop (master)
$ git help
usage: git [-v | --version] [-h | --help] [-C <path>] [-c <name>=<value>]
           [--exec-path[=<path>]] [--html-path] [--man-path] [--info-path]
           [-p | --paginate | -P | --no-pager] [--no-replace-objects] [--no-lazy-fetch]
           [--no-optional-locks] [--no-advice] [--bare] [--git-dir=<path>]
           [--work-tree=<path>] [--namespace=<name>] [--config-env=<name>=<envvar>]
           <command> [<args>]

These are common Git commands used in various situations:

start a working area (see also: git help tutorial)
   clone      Clone a repository into a new directory
   init       Create an empty Git repository or reinitialize an existing one

work on the current change (see also: git help everyday)
   add        Add file contents to the index
   mv         Move or rename a file, a directory, or a symlink
   restore    Restore working tree files
   rm         Remove files from the working tree and from the index

examine the history and state (see also: git help revisions)
   bisect     Use binary search to find the commit that introduced a bug
   diff       Show changes between commits, commit and working tree, etc
   grep       Print lines matching a pattern
   log        Show commit logs
   show       Show various types of objects
   status     Show the working tree status

grow, mark and tweak your common history
   backfill   Download missing objects in a partial clone
   branch     List, create, or delete branches
   commit     Record changes to the repository
   merge      Join two or more development histories together
   rebase     Reapply commits on top of another base tip
   reset      Reset current HEAD to the specified state
   switch     Switch branches
   tag        Create, list, delete or verify a tag object signed with GPG

collaborate (see also: git help workflows)
   fetch      Download objects and refs from another repository
   pull       Fetch from and integrate with another repository or a local branch
   push       Update remote refs along with associated objects

'git help -a' and 'git help -g' list available subcommands and some
concept guides. See 'git help <command>' or 'git help <concept>'
to read about a specific subcommand or concept.
See 'git help git' for an overview of the system.

HP@DESKTOP-EAG2FD3 MINGW64 ~/Desktop (master)
$ git help config

HP@DESKTOP-EAG2FD3 MINGW64 ~/Desktop (master)
$ man ]]]]]]]]]]]]]]\7777777\
> ]
bash: man: command not found

HP@DESKTOP-EAG2FD3 MINGW64 ~/Desktop (master)
$ git config --global user.email "mr.pss2oo5@gmail.com"

HP@DESKTOP-EAG2FD3 MINGW64 ~/Desktop (master)
$ pwd
/c/Users/HP/Desktop

HP@DESKTOP-EAG2FD3 MINGW64 ~/Desktop (master)
$ mkdir first

HP@DESKTOP-EAG2FD3 MINGW64 ~/Desktop (master)
$ cd first

HP@DESKTOP-EAG2FD3 MINGW64 ~/Desktop/first (master)
$ git init
Initialized empty Git repository in C:/Users/HP/Desktop/first/.git/

HP@DESKTOP-EAG2FD3 MINGW64 ~/Desktop/first (master)
$ git add .

HP@DESKTOP-EAG2FD3 MINGW64 ~/Desktop/first (master)
$ git status
On branch master

No commits yet

Changes to be committed:
  (use "git rm --cached <file>..." to unstage)
        new file:   MyFile.txt


HP@DESKTOP-EAG2FD3 MINGW64 ~/Desktop/first (master)
$ git commit -m "first"
[master (root-commit) 19eb343] first
 1 file changed, 1 insertion(+)
 create mode 100644 MyFile.txt

HP@DESKTOP-EAG2FD3 MINGW64 ~/Desktop/first (master)
$ git remote add origin https://github.com/Sadriddin5/Lesson1.git

HP@DESKTOP-EAG2FD3 MINGW64 ~/Desktop/first (master)
$ git push -u master
fatal: 'master' does not appear to be a git repository
fatal: Could not read from remote repository.

Please make sure you have the correct access rights
and the repository exists.

HP@DESKTOP-EAG2FD3 MINGW64 ~/Desktop/first (master)
$ git push -u origin master
Enumerating objects: 3, done.
Counting objects: 100% (3/3), done.
Writing objects: 100% (3/3), 215 bytes | 71.00 KiB/s, do
ne.
Total 3 (delta 0), reused 0 (delta 0), pack-reused 0 (fr
om 0)
To https://github.com/Sadriddin5/Lesson1.git
 * [new branch]      master -> master
branch 'master' set up to track 'origin/master'.
